┌ Info: 2026-10-05T10:34:39.060 [18491:1]: Pre-Initializing Simulation States
└ @ PowerSimulationsDynamics /home/kelsey-sweeney/Desktop/39bus/local_packages/PowerSimulationsDynamics/src/base/simulation.jl:265
┌ Info: 2026-10-05T10:34:39.133 [18491:1]: The TrustRegionACPowerFlow solver converged after 3 iterations.
└ @ PowerFlows /home/kelsey-sweeney/.julia/packages/PowerFlows/Ilrf1/src/powerflow_method.jl:314
┌ Info: 2026-10-05T10:34:40.218 [18491:1]: PowerFlow solve converged, the results have been stored in the system
└ @ PowerFlows /home/kelsey-sweeney/.julia/packages/PowerFlows/Ilrf1/src/solve_ac_powerflow.jl:62
┌ Info: 2026-10-05T10:34:53.423 [18491:1]: Residual from initial guess: max = 8.634034228312734e-9 at 242, total = 9.967228368122814e-8
└ @ PowerSimulationsDynamics /home/kelsey-sweeney/Desktop/39bus/local_packages/PowerSimulationsDynamics/src/base/nlsolve_wrapper.jl:115
┌ Info: 2026-10-05T10:34:53.545 [18491:1]: Initialization non-linear solve succeeded with a tolerance of 1.0e-9 using solver trust_region. Saving solution.
└ @ PowerSimulationsDynamics /home/kelsey-sweeney/Desktop/39bus/local_packages/PowerSimulationsDynamics/src/base/nlsolve_wrapper.jl:82
┌ Info: 2026-10-05T10:34:53.545 [18491:1]: Attaching Perturbations
└ @ PowerSimulationsDynamics /home/kelsey-sweeney/Desktop/39bus/local_packages/PowerSimulationsDynamics/src/base/simulation.jl:299
┌ Info: 2026-10-05T10:34:53.901 [18491:1]: Simulations status = BUILT
└ @ PowerSimulationsDynamics /home/kelsey-sweeney/Desktop/39bus/local_packages/PowerSimulationsDynamics/src/base/simulation.jl:462
┌ Info: 2026-10-05T10:34:53.901 [18491:1]: 
│ ──────────────────────────────────────────────────────────────────────────────────────
│                                                            Time          Allocations  
│                                                      ───────────────   ───────────────
│                    Total measured:                        17.4s            1.88GiB    
│ 
│ Section                                      ncalls     time    %tot     alloc    %tot
│ ──────────────────────────────────────────────────────────────────────────────────────
│ Build Simulation                                  1    17.4s  100.0%   1.88GiB  100.0%
│   Build Simulation Inputs                         1    2.31s   13.3%    210MiB   10.9%
│     Wrap Branches                                 1    219ms    1.3%   22.8MiB    1.2%
│     Wrap Dynamic Injectors                        1    1.49s    8.6%    139MiB    7.2%
│     Calculate MM, DAE_vector, Total Shunts        1    177ms    1.0%   19.9MiB    1.0%
│     Wrap Static Injectors                         1    225ms    1.3%   10.0MiB    0.5%
│   Pre-initialization                              1    5.88s   33.9%    644MiB   33.5%
│     Power Flow solution                           1    1.14s    6.6%   53.6MiB    2.8%
│     Initialize Static Injectors                   1   2.38μs    0.0%     64.0B    0.0%
│     Initialize Dynamic Injectors                  1    4.50s   25.9%    574MiB   29.8%
│     Initialize Dynamic Branches                   1   54.6μs    0.0%   14.9KiB    0.0%
│   Calculate Jacobian                              1    4.05s   23.3%    696MiB   36.2%
│   Make Model Function                             1   6.36ms    0.0%    161KiB    0.0%
│   Initial Condition NLsolve refinement            1    4.77s   27.4%    332MiB   17.3%
│   Build Perturbations                             1    156ms    0.9%   22.9MiB    1.2%
│   Make DiffEq Problem                             1    200ms    1.1%   17.5MiB    0.9%
│ ──────────────────────────────────────────────────────────────────────────────────────
│ 
└ @ PowerSimulationsDynamics /home/kelsey-sweeney/Desktop/39bus/local_packages/PowerSimulationsDynamics/src/base/simulation.jl:487
